]0;~/Box Sync/blog[?1034hboteromacserver2:blog bvilela$ [Kboteromacserver2:blog bvilela$ git init
Initialized empty Git repository in /Users/bvilela/Box Sync/blog/.git/
]0;~/Box Sync/blogboteromacserver2:blog bvilela$ git push origin maste r
error: src refspec master does not match any.
error: failed to push some refs to 'origin'
]0;~/Box Sync/blogboteromacserver2:blog bvilela$ git add .
]0;~/Box Sync/blogboteromacserver2:blog bvilela$ git commit -m "firt[Kst  commit"
[master (root-commit) f3e95fd] first commit
 68 files changed, 2152 insertions(+)
 create mode 100644 .Rproj.user/125B4295/console06/F960C806
 create mode 100644 .Rproj.user/125B4295/console06/F960C806.env
 create mode 100644 .Rproj.user/125B4295/console06/INDEX001
 create mode 100644 .Rproj.user/125B4295/sources/prop/6FDF0108
 create mode 100644 .Rproj.user/125B4295/sources/prop/INDEX
 create mode 100644 .Rproj.user/125B4295/sources/s-496492AB/E4131B47
 create mode 100644 .Rproj.user/125B4295/sources/s-496492AB/E4131B47-contents
 create mode 100644 .Rproj.user/125B4295/sources/s-496492AB/lock_file
 create mode 100644 .Rproj.user/shared/notebooks/patch-chunk-names
 create mode 100644 blog.Rproj
 create mode 100644 config.toml
 create mode 100644 content/about.md
 create mode 100644 content/post/2015-01-01-lorem-ipsum.md
 create mode 100644 content/post/2016-12-30-hello-markdown.md
 create mode 100644 index.Rmd
 create mode 100644 public/.gitkeep
 create mode 100644 public/2015/01/01/lorem-ipsum/index.html
 create mode 100644 public/2016/12/30/a-plain-markdown-post/index.html
 create mode 100644 public/about/index.html
 create mode 100644 public/categories/index.html
 create mode 100644 public/categories/index.xml
 create mode 100644 public/css/fonts.css
 create mode 100644 public/css/main.css
 create mode 100644 public/fonts/lato-v11-latin-regular.woff
 create mode 100644 public/fonts/lato-v11-latin-regular.woff2
 create mode 100644 public/fonts/merriweather-v13-latin-regular.woff
 create mode 100644 public/fonts/merriweather-v13-latin-regular.woff2
 create mode 100644 public/images/hugo-logo.png
 create mode 100644 public/images/logo.png
 create mode 100644 public/index.html
 create mode 100644 public/index.xml
 create mode 100644 public/js/math-code.js
 create mode 100644 public/post/index.html
 create mode 100644 public/post/index.xml
 create mode 100644 public/sitemap.xml
 create mode 100644 public/tags/index.html
 create mode 100644 public/tags/index.xml
 create mode 100644 static/.gitkeep
 create mode 100644 themes/hugo-lithium-theme/.gitignore
 create mode 100644 themes/hugo-lithium-theme/LICENSE.md
 create mode 100644 themes/hugo-lithium-theme/README.md
 create mode 100644 themes/hugo-lithium-theme/archetypes/default.md
 create mode 100644 themes/hugo-lithium-theme/exampleSite/config.toml
 create mode 100644 themes/hugo-lithium-theme/exampleSite/content/about.md
 create mode 100644 themes/hugo-lithium-theme/exampleSite/content/post/2015-01-01-lorem-ipsum.md
 create mode 100644 themes/hugo-lithium-theme/exampleSite/content/post/2016-12-30-hello-markdown.md
 create mode 100644 themes/hugo-lithium-theme/exampleSite/static/.gitkeep
 create mode 100644 themes/hugo-lithium-theme/hugo-lithium-theme.Rproj
 create mode 100644 themes/hugo-lithium-theme/layouts/_default/list.html
 create mode 100644 themes/hugo-lithium-theme/layouts/_default/single.html
 create mode 100644 themes/hugo-lithium-theme/layouts/partials/disqus.html
 create mode 100644 themes/hugo-lithium-theme/layouts/partials/footer.html
 create mode 100644 themes/hugo-lithium-theme/layouts/partials/footer_highlightjs.html
 create mode 100644 themes/hugo-lithium-theme/layouts/partials/footer_mathjax.html
 create mode 100644 themes/hugo-lithium-theme/layouts/partials/head.html
 create mode 100644 themes/hugo-lithium-theme/layouts/partials/head_custom.html
 create mode 100644 themes/hugo-lithium-theme/layouts/partials/head_highlightjs.html
 create mode 100644 themes/hugo-lithium-theme/layouts/partials/header.html
 create mode 100644 themes/hugo-lithium-theme/layouts/partials/nav.html
 create mode 100644 themes/hugo-lithium-theme/static/css/fonts.css
 create mode 100644 themes/hugo-lithium-theme/static/css/main.css
 create mode 100644 themes/hugo-lithium-theme/static/fonts/lato-v11-latin-regular.woff
 create mode 100644 themes/hugo-lithium-theme/static/fonts/lato-v11-latin-regular.woff2
 create mode 100644 themes/hugo-lithium-theme/static/fonts/merriweather-v13-latin-regular.woff
 create mode 100644 themes/hugo-lithium-theme/static/fonts/merriweather-v13-latin-regular.woff2
 create mode 100644 themes/hugo-lithium-theme/static/images/hugo-logo.png
 create mode 100644 themes/hugo-lithium-theme/static/images/logo.png
 create mode 100644 themes/hugo-lithium-theme/static/js/math-code.js
]0;~/Box Sync/blogboteromacserver2:blog bvilela$ git push origin maste r
fatal: 'origin' does not appear to be a git repository
fatal: Could not read from remote repository.

Please make sure you have the correct access rights
and the repository exists.
]0;~/Box Sync/blogboteromacserver2:blog bvilela$ git status
On branch master
Changes not staged for commit:
  (use "git add <file>..." to update what will be committed)
  (use "git checkout -- <file>..." to discard changes in working directory)

	[31mmodified:   .Rproj.user/125B4295/console06/F960C806[m

no changes added to commit (use "git add" and/or "git commit -a")
]0;~/Box Sync/blogboteromacserver2:blog bvilela$ git add .
]0;~/Box Sync/blogboteromacserver2:blog bvilela$ git status
On branch master
Changes to be committed:
  (use "git reset HEAD <file>..." to unstage)

	[32mmodified:   .Rproj.user/125B4295/console06/F960C806[m

Changes not staged for commit:
  (use "git add <file>..." to update what will be committed)
  (use "git checkout -- <file>..." to discard changes in working directory)

	[31mmodified:   .Rproj.user/125B4295/console06/F960C806[m

]0;~/Box Sync/blogboteromacserver2:blog bvilela$ git push oriv[Kgin maste r
fatal: 'origin' does not appear to be a git repository
fatal: Could not read from remote repository.

Please make sure you have the correct access rights
and the repository exists.
]0;~/Box Sync/blogboteromacserver2:blog bvilela$ git remote add origin  https://github.com/BrunoVilela/Blog.git
]0;~/Box Sync/blogboteromacserver2:blog bvilela$ git push -u origin ma ster
Counting objects: 87, done.
Delta compression using up to 12 threads.
Compressing objects:   1% (1/67)   Compressing objects:   2% (2/67)   Compressing objects:   4% (3/67)   Compressing objects:   5% (4/67)   Compressing objects:   7% (5/67)   Compressing objects:   8% (6/67)   Compressing objects:  10% (7/67)   Compressing objects:  11% (8/67)   Compressing objects:  13% (9/67)   Compressing objects:  14% (10/67)   Compressing objects:  16% (11/67)   Compressing objects:  17% (12/67)   Compressing objects:  19% (13/67)   Compressing objects:  20% (14/67)   Compressing objects:  22% (15/67)   Compressing objects:  23% (16/67)   Compressing objects:  25% (17/67)   Compressing objects:  26% (18/67)   Compressing objects:  28% (19/67)   Compressing objects:  29% (20/67)   Compressing objects:  31% (21/67)   Compressing objects:  32% (22/67)   Compressing objects:  34% (23/67)   Compressing objects:  35% (24/67)   Compressing objects:  37% (25/67)   Compressing objects:  38% (26/67)   Compressing objects:  40% (27/67)   Compressing objects:  41% (28/67)   Compressing objects:  43% (29/67)   Compressing objects:  44% (30/67)   Compressing objects:  46% (31/67)   Compressing objects:  47% (32/67)   Compressing objects:  49% (33/67)   Compressing objects:  50% (34/67)   Compressing objects:  52% (35/67)   Compressing objects:  53% (36/67)   Compressing objects:  55% (37/67)   Compressing objects:  56% (38/67)   Compressing objects:  58% (39/67)   Compressing objects:  59% (40/67)   Compressing objects:  61% (41/67)   Compressing objects:  62% (42/67)   Compressing objects:  64% (43/67)   Compressing objects:  65% (44/67)   Compressing objects:  67% (45/67)   Compressing objects:  68% (46/67)   Compressing objects:  70% (47/67)   Compressing objects:  71% (48/67)   Compressing objects:  73% (49/67)   Compressing objects:  74% (50/67)   Compressing objects:  76% (51/67)   Compressing objects:  77% (52/67)   Compressing objects:  79% (53/67)   Compressing objects:  80% (54/67)   Compressing objects:  82% (55/67)   Compressing objects:  83% (56/67)   Compressing objects:  85% (57/67)   Compressing objects:  86% (58/67)   Compressing objects:  88% (59/67)   Compressing objects:  89% (60/67)   Compressing objects:  91% (61/67)   Compressing objects:  92% (62/67)   Compressing objects:  94% (63/67)   Compressing objects:  95% (64/67)   Compressing objects:  97% (65/67)   Compressing objects:  98% (66/67)   Compressing objects: 100% (67/67)   Compressing objects: 100% (67/67), done.
Writing objects:   1% (1/87)   Writing objects:   2% (2/87)   Writing objects:   3% (3/87)   Writing objects:   4% (4/87)   Writing objects:   5% (5/87)   Writing objects:   6% (6/87)   Writing objects:   8% (7/87)   Writing objects:   9% (8/87)   Writing objects:  10% (9/87)   Writing objects:  11% (10/87)   Writing objects:  12% (11/87)   Writing objects:  13% (12/87)   Writing objects:  14% (13/87)   Writing objects:  16% (14/87)   Writing objects:  17% (15/87)   Writing objects:  18% (16/87)   Writing objects:  19% (17/87)   Writing objects:  20% (18/87)   Writing objects:  21% (19/87)   Writing objects:  22% (20/87)   Writing objects:  24% (21/87)   Writing objects:  25% (22/87)   Writing objects:  27% (24/87)   Writing objects:  28% (25/87)   Writing objects:  29% (26/87)   Writing objects:  31% (27/87)   Writing objects:  32% (28/87)   Writing objects:  33% (29/87)   Writing objects:  34% (30/87)   Writing objects:  35% (31/87)   Writing objects:  37% (33/87)   Writing objects:  39% (34/87)   Writing objects:  40% (35/87)   Writing objects:  41% (36/87)   Writing objects:  42% (37/87)   Writing objects:  43% (38/87)   Writing objects:  44% (39/87)   Writing objects:  45% (40/87)   Writing objects:  48% (42/87)   Writing objects:  49% (43/87)   Writing objects:  50% (44/87)   Writing objects:  51% (45/87)   Writing objects:  52% (46/87)   Writing objects:  54% (47/87)   Writing objects:  55% (48/87)   Writing objects:  56% (49/87)   Writing objects:  57% (50/87)   Writing objects:  58% (51/87)   Writing objects:  59% (52/87)   Writing objects:  60% (53/87)   Writing objects:  62% (54/87)   Writing objects:  63% (55/87)   Writing objects:  64% (56/87)   Writing objects:  65% (57/87)   Writing objects:  66% (58/87)   Writing objects:  67% (59/87)   Writing objects:  68% (60/87)   Writing objects:  70% (61/87)   Writing objects:  71% (62/87)   Writing objects:  72% (63/87)   Writing objects:  73% (64/87)   Writing objects:  74% (65/87)   Writing objects:  75% (66/87)   Writing objects:  77% (67/87)   Writing objects:  78% (68/87)   Writing objects:  79% (69/87)   Writing objects:  80% (70/87)   Writing objects:  81% (71/87)   Writing objects:  82% (72/87)   Writing objects:  83% (73/87)   Writing objects:  85% (74/87)   Writing objects:  86% (75/87)   Writing objects:  87% (76/87)   Writing objects:  88% (77/87)   Writing objects:  89% (78/87)   Writing objects:  90% (79/87)   Writing objects:  91% (80/87)   Writing objects:  93% (81/87)   Writing objects:  94% (82/87)   Writing objects:  95% (83/87)   Writing objects:  96% (84/87)   Writing objects:  97% (85/87)   Writing objects:  98% (86/87)   Writing objects: 100% (87/87)   Writing objects: 100% (87/87), 118.87 KiB | 0 bytes/s, done.
Total 87 (delta 11), reused 0 (delta 0)
remote: Resolving deltas:   0% (0/11)   [Kremote: Resolving deltas:   9% (1/11)   [Kremote: Resolving deltas:  45% (5/11)   [Kremote: Resolving deltas: 100% (11/11)   [Kremote: Resolving deltas: 100% (11/11), done.[K
To https://github.com/BrunoVilela/Blog.git
 * [new branch]      master -> master
Branch master set up to track remote branch master from origin.
]0;~/Box Sync/blogboteromacserver2:blog bvilela$ git add .
]0;~/Box Sync/blogboteromacserver2:blog bvilela$ git commint [K[K[Kt - [Km : [K[K"cleani ng the site [K"
[master d09d5f6] cleaning the site
 32 files changed, 535 insertions(+), 218 deletions(-)
 create mode 100644 .Rproj.user/125B4295/sources/prop/8E1BC73F
 create mode 100644 .Rproj.user/125B4295/sources/prop/B2873E2
 create mode 100644 .Rproj.user/125B4295/sources/prop/C55DC9AC
 create mode 100644 .Rproj.user/125B4295/sources/s-496492AB/5F543E4
 create mode 100644 .Rproj.user/125B4295/sources/s-496492AB/5F543E4-contents
 rename content/post/2015-01-01-lorem-ipsum.md => .Rproj.user/125B4295/sources/s-496492AB/6815CAD1-contents (100%)
 create mode 100644 .Rproj.user/125B4295/sources/s-496492AB/C9E80044-contents
 create mode 100644 .Rproj.user/shared/notebooks/61A2911B-2018-01-23-a-comprehensible-guide-to-transform-species-shapefiles-into-a-presence-absence-matrix-or-grid/1/125B4295496492AB/chunks.json
 create mode 100644 .Rproj.user/shared/notebooks/paths
 delete mode 100644 content/post/2016-12-30-hello-markdown.md
 create mode 100644 content/post/2018-01-23-a-comprehensible-guide-to-transform-species-shapefiles-into-a-presence-absence-matrix-or-grid.Rmd
 create mode 100644 content/post/2018-01-23-a-comprehensible-guide-to-transform-species-shapefiles-into-a-presence-absence-matrix-or-grid.html
 create mode 100644 public/2018/01/23/a-comprehensible-guide-to-transform-species-shapefiles-into-a-presence-absence-matrix-or-grid/index.html
 create mode 100644 public/categories/macroecology/index.html
 create mode 100644 public/categories/macroecology/index.xml
 create mode 100644 public/images/bruno_trans.png
 rewrite public/index.xml (67%)
 rewrite public/post/index.xml (81%)
]0;~/Box Sync/blogboteromacserver2:blog bvilela$ git push origin maste r
Counting objects: 54, done.
Delta compression using up to 12 threads.
Compressing objects:   2% (1/45)   Compressing objects:   4% (2/45)   Compressing objects:   6% (3/45)   Compressing objects:   8% (4/45)   Compressing objects:  11% (5/45)   Compressing objects:  13% (6/45)   Compressing objects:  15% (7/45)   Compressing objects:  17% (8/45)   Compressing objects:  20% (9/45)   Compressing objects:  22% (10/45)   Compressing objects:  24% (11/45)   Compressing objects:  26% (12/45)   Compressing objects:  28% (13/45)   Compressing objects:  31% (14/45)   Compressing objects:  33% (15/45)   Compressing objects:  35% (16/45)   Compressing objects:  37% (17/45)   Compressing objects:  40% (18/45)   Compressing objects:  42% (19/45)   Compressing objects:  44% (20/45)   Compressing objects:  46% (21/45)   Compressing objects:  48% (22/45)   Compressing objects:  51% (23/45)   Compressing objects:  53% (24/45)   Compressing objects:  55% (25/45)   Compressing objects:  57% (26/45)   Compressing objects:  60% (27/45)   Compressing objects:  62% (28/45)   Compressing objects:  64% (29/45)   Compressing objects:  66% (30/45)   Compressing objects:  68% (31/45)   Compressing objects:  71% (32/45)   Compressing objects:  73% (33/45)   Compressing objects:  75% (34/45)   Compressing objects:  77% (35/45)   Compressing objects:  80% (36/45)   Compressing objects:  82% (37/45)   Compressing objects:  84% (38/45)   Compressing objects:  86% (39/45)   Compressing objects:  88% (40/45)   Compressing objects:  91% (41/45)   Compressing objects:  93% (42/45)   Compressing objects:  95% (43/45)   Compressing objects:  97% (44/45)   Compressing objects: 100% (45/45)   Compressing objects: 100% (45/45), done.
Writing objects:   1% (1/54)   Writing objects:   3% (2/54)   Writing objects:   5% (3/54)   Writing objects:   7% (4/54)   Writing objects:   9% (5/54)   Writing objects:  11% (6/54)   Writing objects:  12% (7/54)   Writing objects:  14% (8/54)   Writing objects:  16% (9/54)   Writing objects:  18% (10/54)   Writing objects:  20% (11/54)   Writing objects:  22% (12/54)   Writing objects:  24% (13/54)   Writing objects:  25% (14/54)   Writing objects:  27% (15/54)   Writing objects:  29% (16/54)   Writing objects:  31% (17/54)   Writing objects:  33% (18/54)   Writing objects:  35% (19/54)   Writing objects:  37% (20/54)   Writing objects:  38% (21/54)   Writing objects:  40% (22/54)   Writing objects:  42% (23/54)   Writing objects:  44% (24/54)   Writing objects:  46% (25/54)   Writing objects:  48% (26/54)   Writing objects:  50% (27/54)   Writing objects:  51% (28/54)   Writing objects:  53% (29/54)   Writing objects:  55% (30/54)   Writing objects:  57% (31/54)   Writing objects:  59% (32/54)   Writing objects:  61% (33/54)   Writing objects:  62% (34/54)   Writing objects:  66% (36/54)   Writing objects:  68% (37/54)   Writing objects:  70% (38/54)   Writing objects:  72% (39/54)   Writing objects:  74% (40/54)   Writing objects:  77% (42/54)   Writing objects:  79% (43/54)   Writing objects:  81% (44/54)   Writing objects:  83% (45/54)   Writing objects:  87% (47/54)   Writing objects:  88% (48/54)   Writing objects:  90% (49/54)   Writing objects:  92% (50/54)   Writing objects:  94% (51/54)   Writing objects:  96% (52/54)   Writing objects:  98% (53/54)   Writing objects: 100% (54/54)   Writing objects: 100% (54/54), 376.71 KiB | 0 bytes/s, done.
Total 54 (delta 13), reused 0 (delta 0)
remote: Resolving deltas:   0% (0/13)   [Kremote: Resolving deltas:  38% (5/13)   [Kremote: Resolving deltas:  53% (7/13)   [Kremote: Resolving deltas:  61% (8/13)   [Kremote: Resolving deltas:  69% (9/13)   [Kremote: Resolving deltas:  76% (10/13)   [Kremote: Resolving deltas:  84% (11/13)   [Kremote: Resolving deltas:  92% (12/13)   [Kremote: Resolving deltas: 100% (13/13)   [Kremote: Resolving deltas: 100% (13/13), completed with 6 local objects.[K
To https://github.com/BrunoVilela/Blog.git
   f3e95fd..d09d5f6  master -> master
]0;~/Box Sync/blogboteromacserver2:blog bvilela$ git add .
]0;~/Box Sync/blogboteromacserver2:blog bvilela$ git commit -u[Km [K[Km : [K[K"add di squs"
[master 07c2ec5] add disqus
 24 files changed, 344 insertions(+), 34 deletions(-)
 create mode 100644 .Rproj.user/shared/notebooks/61A2911B-2018-01-23-a-comprehensible-guide-to-transform-species-shapefiles-into-a-presence-absence-matrix-or-grid/1/s/chunks.json
 create mode 100644 public/2018/01/23/a-guide-to-transform-species-shapefiles-into-a-presence-absence-matrix-or-grid/index.html
 create mode 100644 public/tags/letsr/index.html
 create mode 100644 public/tags/letsr/index.xml
]0;~/Box Sync/blogboteromacserver2:blog bvilela$ git push origin maste r
Counting objects: 46, done.
Delta compression using up to 12 threads.
Compressing objects:   2% (1/40)   Compressing objects:   5% (2/40)   Compressing objects:   7% (3/40)   Compressing objects:  10% (4/40)   Compressing objects:  12% (5/40)   Compressing objects:  15% (6/40)   Compressing objects:  17% (7/40)   Compressing objects:  20% (8/40)   Compressing objects:  22% (9/40)   Compressing objects:  25% (10/40)   Compressing objects:  27% (11/40)   Compressing objects:  30% (12/40)   Compressing objects:  32% (13/40)   Compressing objects:  35% (14/40)   Compressing objects:  37% (15/40)   Compressing objects:  40% (16/40)   Compressing objects:  42% (17/40)   Compressing objects:  45% (18/40)   Compressing objects:  47% (19/40)   Compressing objects:  50% (20/40)   Compressing objects:  52% (21/40)   Compressing objects:  55% (22/40)   Compressing objects:  57% (23/40)   Compressing objects:  60% (24/40)   Compressing objects:  62% (25/40)   Compressing objects:  65% (26/40)   Compressing objects:  67% (27/40)   Compressing objects:  70% (28/40)   Compressing objects:  72% (29/40)   Compressing objects:  75% (30/40)   Compressing objects:  77% (31/40)   Compressing objects:  80% (32/40)   Compressing objects:  82% (33/40)   Compressing objects:  85% (34/40)   Compressing objects:  87% (35/40)   Compressing objects:  90% (36/40)   Compressing objects:  92% (37/40)   Compressing objects:  95% (38/40)   Compressing objects:  97% (39/40)   Compressing objects: 100% (40/40)   Compressing objects: 100% (40/40), done.
Writing objects:   2% (1/46)   Writing objects:   4% (2/46)   Writing objects:   6% (3/46)   Writing objects:   8% (4/46)   Writing objects:  10% (5/46)   Writing objects:  13% (6/46)   Writing objects:  15% (7/46)   Writing objects:  17% (8/46)   Writing objects:  19% (9/46)   Writing objects:  21% (10/46)   Writing objects:  23% (11/46)   Writing objects:  26% (12/46)   Writing objects:  28% (13/46)   Writing objects:  30% (14/46)   Writing objects:  32% (15/46)   Writing objects:  34% (16/46)   Writing objects:  36% (17/46)   Writing objects:  39% (18/46)   Writing objects:  41% (19/46)   Writing objects:  43% (20/46)   Writing objects:  45% (21/46)   Writing objects:  47% (22/46)   Writing objects:  50% (23/46)   Writing objects:  52% (24/46)   Writing objects:  54% (25/46)   Writing objects:  56% (26/46)   Writing objects:  58% (27/46)   Writing objects:  63% (29/46)   Writing objects:  65% (30/46)   Writing objects:  67% (31/46)   Writing objects:  69% (32/46)   Writing objects:  71% (33/46)   Writing objects:  73% (34/46)   Writing objects:  76% (35/46)   Writing objects:  78% (36/46)   Writing objects:  80% (37/46)   Writing objects:  82% (38/46)   Writing objects:  84% (39/46)   Writing objects:  86% (40/46)   Writing objects:  89% (41/46)   Writing objects:  91% (42/46)   Writing objects:  93% (43/46)   Writing objects:  95% (44/46)   Writing objects:  97% (45/46)   Writing objects: 100% (46/46)   Writing objects: 100% (46/46), 5.59 KiB | 0 bytes/s, done.
Total 46 (delta 22), reused 0 (delta 0)
remote: Resolving deltas:   0% (0/22)   [Kremote: Resolving deltas:   4% (1/22)   [Kremote: Resolving deltas:   9% (2/22)   [Kremote: Resolving deltas:  13% (3/22)   [Kremote: Resolving deltas:  18% (4/22)   [Kremote: Resolving deltas:  22% (5/22)   [Kremote: Resolving deltas:  27% (6/22)   [Kremote: Resolving deltas:  31% (7/22)   [Kremote: Resolving deltas:  36% (8/22)   [Kremote: Resolving deltas:  45% (10/22)   [Kremote: Resolving deltas:  50% (11/22)   [Kremote: Resolving deltas:  54% (12/22)   [Kremote: Resolving deltas:  59% (13/22)   [Kremote: Resolving deltas:  63% (14/22)   [Kremote: Resolving deltas:  68% (15/22)   [Kremote: Resolving deltas:  81% (18/22)   [Kremote: Resolving deltas:  95% (21/22)   [Kremote: Resolving deltas: 100% (22/22)   [Kremote: Resolving deltas: 100% (22/22), completed with 17 local objects.[K
To https://github.com/BrunoVilela/Blog.git
   d09d5f6..07c2ec5  master -> master
]0;~/Box Sync/blogboteromacserver2:blog bvilela$ git status
On branch master
Your branch is up-to-date with 'origin/master'.
Changes not staged for commit:
  (use "git add/rm <file>..." to update what will be committed)
  (use "git checkout -- <file>..." to discard changes in working directory)

	[31mmodified:   .Rproj.user/125B4295/console06/F960C806[m
	[31mmodified:   .Rproj.user/125B4295/sources/prop/6FDF0108[m
	[31mdeleted:    .Rproj.user/125B4295/sources/s-496492AB/E4131B47[m
	[31mmodified:   .Rproj.user/shared/notebooks/paths[m
	[31mmodified:   config.toml[m

Untracked files:
  (use "git add <file>..." to include in what will be committed)

	[31m.Rproj.user/125B4295/sources/s-496492AB/7CCD7E9B[m
	[31m.Rproj.user/125B4295/sources/s-496492AB/7CCD7E9B-contents[m

no changes added to commit (use "git add" and/or "git commit -a")
]0;~/Box Sync/blogboteromacserver2:blog bvilela$ git add .
]0;~/Box Sync/blogboteromacserver2:blog bvilela$ git commit -m "trying  to add comments"
[master 890ee35] trying to add comments
 6 files changed, 78 insertions(+), 10 deletions(-)
 rename .Rproj.user/125B4295/sources/s-496492AB/{E4131B47 => 7CCD7E9B} (54%)
 create mode 100644 .Rproj.user/125B4295/sources/s-496492AB/7CCD7E9B-contents
]0;~/Box Sync/blogboteromacserver2:blog bvilela$ git push origin maste r
Counting objects: 15, done.
Delta compression using up to 12 threads.
Compressing objects:   7% (1/14)   Compressing objects:  14% (2/14)   Compressing objects:  21% (3/14)   Compressing objects:  28% (4/14)   Compressing objects:  35% (5/14)   Compressing objects:  42% (6/14)   Compressing objects:  50% (7/14)   Compressing objects:  57% (8/14)   Compressing objects:  64% (9/14)   Compressing objects:  71% (10/14)   Compressing objects:  78% (11/14)   Compressing objects:  85% (12/14)   Compressing objects:  92% (13/14)   Compressing objects: 100% (14/14)   Compressing objects: 100% (14/14), done.
Writing objects:   6% (1/15)   Writing objects:  13% (2/15)   Writing objects:  20% (3/15)   Writing objects:  26% (4/15)   Writing objects:  33% (5/15)   Writing objects:  40% (6/15)   Writing objects:  46% (7/15)   Writing objects:  53% (8/15)   Writing objects:  60% (9/15)   Writing objects:  66% (10/15)   Writing objects:  73% (11/15)   Writing objects:  80% (12/15)   Writing objects:  86% (13/15)   Writing objects:  93% (14/15)   Writing objects: 100% (15/15)   Writing objects: 100% (15/15), 2.86 KiB | 0 bytes/s, done.
Total 15 (delta 5), reused 0 (delta 0)
remote: Resolving deltas:   0% (0/5)   [Kremote: Resolving deltas:  20% (1/5)   [Kremote: Resolving deltas:  40% (2/5)   [Kremote: Resolving deltas:  60% (3/5)   [Kremote: Resolving deltas:  80% (4/5)   [Kremote: Resolving deltas: 100% (5/5)   [Kremote: Resolving deltas: 100% (5/5), completed with 5 local objects.[K
remote: This repository moved. Please use the new location:[K
remote:   https://github.com/BrunoVilela/brunovilela.github.io.git[K
To https://github.com/BrunoVilela/Blog.git
   07c2ec5..890ee35  master -> master
]0;~/Box Sync/blogboteromacserver2:blog bvilela$ git pull
Already up-to-date.
]0;~/Box Sync/blogboteromacserver2:blog bvilela$ ig[K[Kig t[K[K[K[Kgit add .