]0;~/Box Sync/blog[?1034hboteromacserver2:blog bvilela$ [Kboteromacserver2:blog bvilela$ git init
Initialized empty Git repository in /Users/bvilela/Box Sync/blog/.git/
]0;~/Box Sync/blogboteromacserver2:blog bvilela$ git push origin maste r
error: src refspec master does not match any.
error: failed to push some refs to 'origin'
]0;~/Box Sync/blogboteromacserver2:blog bvilela$ git add .
]0;~/Box Sync/blogboteromacserver2:blog bvilela$ git commit -m "firt[Kst  commit"
[master (root-commit) f3e95fd] first commit
 68 files changed, 2152 insertions(+)
 create mode 100644 .Rproj.user/125B4295/console06/F960C806
 create mode 100644 .Rproj.user/125B4295/console06/F960C806.env
 create mode 100644 .Rproj.user/125B4295/console06/INDEX001
 create mode 100644 .Rproj.user/125B4295/sources/prop/6FDF0108
 create mode 100644 .Rproj.user/125B4295/sources/prop/INDEX
 create mode 100644 .Rproj.user/125B4295/sources/s-496492AB/E4131B47
 create mode 100644 .Rproj.user/125B4295/sources/s-496492AB/E4131B47-contents
 create mode 100644 .Rproj.user/125B4295/sources/s-496492AB/lock_file
 create mode 100644 .Rproj.user/shared/notebooks/patch-chunk-names
 create mode 100644 blog.Rproj
 create mode 100644 config.toml
 create mode 100644 content/about.md
 create mode 100644 content/post/2015-01-01-lorem-ipsum.md
 create mode 100644 content/post/2016-12-30-hello-markdown.md
 create mode 100644 index.Rmd
 create mode 100644 public/.gitkeep
 create mode 100644 public/2015/01/01/lorem-ipsum/index.html
 create mode 100644 public/2016/12/30/a-plain-markdown-post/index.html
 create mode 100644 public/about/index.html
 create mode 100644 public/categories/index.html
 create mode 100644 public/categories/index.xml
 create mode 100644 public/css/fonts.css
 create mode 100644 public/css/main.css
 create mode 100644 public/fonts/lato-v11-latin-regular.woff
 create mode 100644 public/fonts/lato-v11-latin-regular.woff2
 create mode 100644 public/fonts/merriweather-v13-latin-regular.woff
 create mode 100644 public/fonts/merriweather-v13-latin-regular.woff2
 create mode 100644 public/images/hugo-logo.png
 create mode 100644 public/images/logo.png
 create mode 100644 public/index.html
 create mode 100644 public/index.xml
 create mode 100644 public/js/math-code.js
 create mode 100644 public/post/index.html
 create mode 100644 public/post/index.xml
 create mode 100644 public/sitemap.xml
 create mode 100644 public/tags/index.html
 create mode 100644 public/tags/index.xml
 create mode 100644 static/.gitkeep
 create mode 100644 themes/hugo-lithium-theme/.gitignore
 create mode 100644 themes/hugo-lithium-theme/LICENSE.md
 create mode 100644 themes/hugo-lithium-theme/README.md
 create mode 100644 themes/hugo-lithium-theme/archetypes/default.md
 create mode 100644 themes/hugo-lithium-theme/exampleSite/config.toml
 create mode 100644 themes/hugo-lithium-theme/exampleSite/content/about.md
 create mode 100644 themes/hugo-lithium-theme/exampleSite/content/post/2015-01-01-lorem-ipsum.md
 create mode 100644 themes/hugo-lithium-theme/exampleSite/content/post/2016-12-30-hello-markdown.md
 create mode 100644 themes/hugo-lithium-theme/exampleSite/static/.gitkeep
 create mode 100644 themes/hugo-lithium-theme/hugo-lithium-theme.Rproj
 create mode 100644 themes/hugo-lithium-theme/layouts/_default/list.html
 create mode 100644 themes/hugo-lithium-theme/layouts/_default/single.html
 create mode 100644 themes/hugo-lithium-theme/layouts/partials/disqus.html
 create mode 100644 themes/hugo-lithium-theme/layouts/partials/footer.html
 create mode 100644 themes/hugo-lithium-theme/layouts/partials/footer_highlightjs.html
 create mode 100644 themes/hugo-lithium-theme/layouts/partials/footer_mathjax.html
 create mode 100644 themes/hugo-lithium-theme/layouts/partials/head.html
 create mode 100644 themes/hugo-lithium-theme/layouts/partials/head_custom.html
 create mode 100644 themes/hugo-lithium-theme/layouts/partials/head_highlightjs.html
 create mode 100644 themes/hugo-lithium-theme/layouts/partials/header.html
 create mode 100644 themes/hugo-lithium-theme/layouts/partials/nav.html
 create mode 100644 themes/hugo-lithium-theme/static/css/fonts.css
 create mode 100644 themes/hugo-lithium-theme/static/css/main.css
 create mode 100644 themes/hugo-lithium-theme/static/fonts/lato-v11-latin-regular.woff
 create mode 100644 themes/hugo-lithium-theme/static/fonts/lato-v11-latin-regular.woff2
 create mode 100644 themes/hugo-lithium-theme/static/fonts/merriweather-v13-latin-regular.woff
 create mode 100644 themes/hugo-lithium-theme/static/fonts/merriweather-v13-latin-regular.woff2
 create mode 100644 themes/hugo-lithium-theme/static/images/hugo-logo.png
 create mode 100644 themes/hugo-lithium-theme/static/images/logo.png
 create mode 100644 themes/hugo-lithium-theme/static/js/math-code.js
]0;~/Box Sync/blogboteromacserver2:blog bvilela$ git push origin maste r
fatal: 'origin' does not appear to be a git repository
fatal: Could not read from remote repository.

Please make sure you have the correct access rights
and the repository exists.
]0;~/Box Sync/blogboteromacserver2:blog bvilela$ git status
On branch master
Changes not staged for commit:
  (use "git add <file>..." to update what will be committed)
  (use "git checkout -- <file>..." to discard changes in working directory)

	[31mmodified:   .Rproj.user/125B4295/console06/F960C806[m

no changes added to commit (use "git add" and/or "git commit -a")
]0;~/Box Sync/blogboteromacserver2:blog bvilela$ git add .
]0;~/Box Sync/blogboteromacserver2:blog bvilela$ git status
On branch master
Changes to be committed:
  (use "git reset HEAD <file>..." to unstage)

	[32mmodified:   .Rproj.user/125B4295/console06/F960C806[m

Changes not staged for commit:
  (use "git add <file>..." to update what will be committed)
  (use "git checkout -- <file>..." to discard changes in working directory)

	[31mmodified:   .Rproj.user/125B4295/console06/F960C806[m

]0;~/Box Sync/blogboteromacserver2:blog bvilela$ git push oriv[Kgin maste r
fatal: 'origin' does not appear to be a git repository
fatal: Could not read from remote repository.

Please make sure you have the correct access rights
and the repository exists.
]0;~/Box Sync/blogboteromacserver2:blog bvilela$ git remote add origin  https://github.com/BrunoVilela/Blog.git
]0;~/Box Sync/blogboteromacserver2:blog bvilela$ git push -u origin ma ster
Counting objects: 87, done.
Delta compression using up to 12 threads.
Compressing objects:   1% (1/67)   Compressing objects:   2% (2/67)   Compressing objects:   4% (3/67)   Compressing objects:   5% (4/67)   Compressing objects:   7% (5/67)   Compressing objects:   8% (6/67)   Compressing objects:  10% (7/67)   Compressing objects:  11% (8/67)   Compressing objects:  13% (9/67)   Compressing objects:  14% (10/67)   Compressing objects:  16% (11/67)   Compressing objects:  17% (12/67)   Compressing objects:  19% (13/67)   Compressing objects:  20% (14/67)   Compressing objects:  22% (15/67)   Compressing objects:  23% (16/67)   Compressing objects:  25% (17/67)   Compressing objects:  26% (18/67)   Compressing objects:  28% (19/67)   Compressing objects:  29% (20/67)   Compressing objects:  31% (21/67)   Compressing objects:  32% (22/67)   Compressing objects:  34% (23/67)   Compressing objects:  35% (24/67)   Compressing objects:  37% (25/67)   Compressing objects:  38% (26/67)   Compressing objects:  40% (27/67)   Compressing objects:  41% (28/67)   Compressing objects:  43% (29/67)   Compressing objects:  44% (30/67)   Compressing objects:  46% (31/67)   Compressing objects:  47% (32/67)   Compressing objects:  49% (33/67)   Compressing objects:  50% (34/67)   Compressing objects:  52% (35/67)   Compressing objects:  53% (36/67)   Compressing objects:  55% (37/67)   Compressing objects:  56% (38/67)   Compressing objects:  58% (39/67)   Compressing objects:  59% (40/67)   Compressing objects:  61% (41/67)   Compressing objects:  62% (42/67)   Compressing objects:  64% (43/67)   Compressing objects:  65% (44/67)   Compressing objects:  67% (45/67)   Compressing objects:  68% (46/67)   Compressing objects:  70% (47/67)   Compressing objects:  71% (48/67)   Compressing objects:  73% (49/67)   Compressing objects:  74% (50/67)   Compressing objects:  76% (51/67)   Compressing objects:  77% (52/67)   Compressing objects:  79% (53/67)   Compressing objects:  80% (54/67)   Compressing objects:  82% (55/67)   Compressing objects:  83% (56/67)   Compressing objects:  85% (57/67)   Compressing objects:  86% (58/67)   Compressing objects:  88% (59/67)   Compressing objects:  89% (60/67)   Compressing objects:  91% (61/67)   Compressing objects:  92% (62/67)   Compressing objects:  94% (63/67)   Compressing objects:  95% (64/67)   Compressing objects:  97% (65/67)   Compressing objects:  98% (66/67)   Compressing objects: 100% (67/67)   Compressing objects: 100% (67/67), done.
Writing objects:   1% (1/87)   Writing objects:   2% (2/87)   Writing objects:   3% (3/87)   Writing objects:   4% (4/87)   Writing objects:   5% (5/87)   Writing objects:   6% (6/87)   Writing objects:   8% (7/87)   Writing objects:   9% (8/87)   Writing objects:  10% (9/87)   Writing objects:  11% (10/87)   Writing objects:  12% (11/87)   Writing objects:  13% (12/87)   Writing objects:  14% (13/87)   Writing objects:  16% (14/87)   Writing objects:  17% (15/87)   Writing objects:  18% (16/87)   Writing objects:  19% (17/87)   Writing objects:  20% (18/87)   Writing objects:  21% (19/87)   Writing objects:  22% (20/87)   Writing objects:  24% (21/87)   Writing objects:  25% (22/87)   Writing objects:  27% (24/87)   Writing objects:  28% (25/87)   Writing objects:  29% (26/87)   Writing objects:  31% (27/87)   Writing objects:  32% (28/87)   Writing objects:  33% (29/87)   Writing objects:  34% (30/87)   Writing objects:  35% (31/87)   Writing objects:  37% (33/87)   Writing objects:  39% (34/87)   Writing objects:  40% (35/87)   Writing objects:  41% (36/87)   Writing objects:  42% (37/87)   Writing objects:  43% (38/87)   Writing objects:  44% (39/87)   Writing objects:  45% (40/87)   Writing objects:  48% (42/87)   Writing objects:  49% (43/87)   Writing objects:  50% (44/87)   Writing objects:  51% (45/87)   Writing objects:  52% (46/87)   Writing objects:  54% (47/87)   Writing objects:  55% (48/87)   Writing objects:  56% (49/87)   Writing objects:  57% (50/87)   Writing objects:  58% (51/87)   Writing objects:  59% (52/87)   Writing objects:  60% (53/87)   Writing objects:  62% (54/87)   Writing objects:  63% (55/87)   Writing objects:  64% (56/87)   Writing objects:  65% (57/87)   Writing objects:  66% (58/87)   Writing objects:  67% (59/87)   Writing objects:  68% (60/87)   Writing objects:  70% (61/87)   Writing objects:  71% (62/87)   Writing objects:  72% (63/87)   Writing objects:  73% (64/87)   Writing objects:  74% (65/87)   Writing objects:  75% (66/87)   Writing objects:  77% (67/87)   Writing objects:  78% (68/87)   Writing objects:  79% (69/87)   Writing objects:  80% (70/87)   Writing objects:  81% (71/87)   Writing objects:  82% (72/87)   Writing objects:  83% (73/87)   Writing objects:  85% (74/87)   Writing objects:  86% (75/87)   Writing objects:  87% (76/87)   Writing objects:  88% (77/87)   Writing objects:  89% (78/87)   Writing objects:  90% (79/87)   Writing objects:  91% (80/87)   Writing objects:  93% (81/87)   Writing objects:  94% (82/87)   Writing objects:  95% (83/87)   Writing objects:  96% (84/87)   Writing objects:  97% (85/87)   Writing objects:  98% (86/87)   Writing objects: 100% (87/87)   Writing objects: 100% (87/87), 118.87 KiB | 0 bytes/s, done.
Total 87 (delta 11), reused 0 (delta 0)
remote: Resolving deltas:   0% (0/11)   [Kremote: Resolving deltas:   9% (1/11)   [Kremote: Resolving deltas:  45% (5/11)   [Kremote: Resolving deltas: 100% (11/11)   [Kremote: Resolving deltas: 100% (11/11), done.[K
To https://github.com/BrunoVilela/Blog.git
 * [new branch]      master -> master
Branch master set up to track remote branch master from origin.
]0;~/Box Sync/blogboteromacserver2:blog bvilela$ git add .
]0;~/Box Sync/blogboteromacserver2:blog bvilela$ git commint [K[K[Kt - [Km : [K[K"cleani ng the site [K"
[master d09d5f6] cleaning the site
 32 files changed, 535 insertions(+), 218 deletions(-)
 create mode 100644 .Rproj.user/125B4295/sources/prop/8E1BC73F
 create mode 100644 .Rproj.user/125B4295/sources/prop/B2873E2
 create mode 100644 .Rproj.user/125B4295/sources/prop/C55DC9AC
 create mode 100644 .Rproj.user/125B4295/sources/s-496492AB/5F543E4
 create mode 100644 .Rproj.user/125B4295/sources/s-496492AB/5F543E4-contents
 rename content/post/2015-01-01-lorem-ipsum.md => .Rproj.user/125B4295/sources/s-496492AB/6815CAD1-contents (100%)
 create mode 100644 .Rproj.user/125B4295/sources/s-496492AB/C9E80044-contents
 create mode 100644 .Rproj.user/shared/notebooks/61A2911B-2018-01-23-a-comprehensible-guide-to-transform-species-shapefiles-into-a-presence-absence-matrix-or-grid/1/125B4295496492AB/chunks.json
 create mode 100644 .Rproj.user/shared/notebooks/paths
 delete mode 100644 content/post/2016-12-30-hello-markdown.md
 create mode 100644 content/post/2018-01-23-a-comprehensible-guide-to-transform-species-shapefiles-into-a-presence-absence-matrix-or-grid.Rmd
 create mode 100644 content/post/2018-01-23-a-comprehensible-guide-to-transform-species-shapefiles-into-a-presence-absence-matrix-or-grid.html
 create mode 100644 public/2018/01/23/a-comprehensible-guide-to-transform-species-shapefiles-into-a-presence-absence-matrix-or-grid/index.html
 create mode 100644 public/categories/macroecology/index.html
 create mode 100644 public/categories/macroecology/index.xml
 create mode 100644 public/images/bruno_trans.png
 rewrite public/index.xml (67%)
 rewrite public/post/index.xml (81%)
]0;~/Box Sync/blogboteromacserver2:blog bvilela$ git push origin maste r
Counting objects: 54, done.
Delta compression using up to 12 threads.
Compressing objects:   2% (1/45)   Compressing objects:   4% (2/45)   Compressing objects:   6% (3/45)   Compressing objects:   8% (4/45)   Compressing objects:  11% (5/45)   Compressing objects:  13% (6/45)   Compressing objects:  15% (7/45)   Compressing objects:  17% (8/45)   Compressing objects:  20% (9/45)   Compressing objects:  22% (10/45)   Compressing objects:  24% (11/45)   Compressing objects:  26% (12/45)   Compressing objects:  28% (13/45)   Compressing objects:  31% (14/45)   Compressing objects:  33% (15/45)   Compressing objects:  35% (16/45)   Compressing objects:  37% (17/45)   Compressing objects:  40% (18/45)   Compressing objects:  42% (19/45)   Compressing objects:  44% (20/45)   Compressing objects:  46% (21/45)   Compressing objects:  48% (22/45)   Compressing objects:  51% (23/45)   Compressing objects:  53% (24/45)   Compressing objects:  55% (25/45)   Compressing objects:  57% (26/45)   Compressing objects:  60% (27/45)   Compressing objects:  62% (28/45)   Compressing objects:  64% (29/45)   Compressing objects:  66% (30/45)   Compressing objects:  68% (31/45)   Compressing objects:  71% (32/45)   Compressing objects:  73% (33/45)   Compressing objects:  75% (34/45)   Compressing objects:  77% (35/45)   Compressing objects:  80% (36/45)   Compressing objects:  82% (37/45)   Compressing objects:  84% (38/45)   Compressing objects:  86% (39/45)   Compressing objects:  88% (40/45)   Compressing objects:  91% (41/45)   Compressing objects:  93% (42/45)   Compressing objects:  95% (43/45)   Compressing objects:  97% (44/45)   Compressing objects: 100% (45/45)   Compressing objects: 100% (45/45), done.
Writing objects:   1% (1/54)   Writing objects:   3% (2/54)   Writing objects:   5% (3/54)   Writing objects:   7% (4/54)   Writing objects:   9% (5/54)   Writing objects:  11% (6/54)   Writing objects:  12% (7/54)   Writing objects:  14% (8/54)   Writing objects:  16% (9/54)   Writing objects:  18% (10/54)   Writing objects:  20% (11/54)   Writing objects:  22% (12/54)   Writing objects:  24% (13/54)   Writing objects:  25% (14/54)   Writing objects:  27% (15/54)   Writing objects:  29% (16/54)   Writing objects:  31% (17/54)   Writing objects:  33% (18/54)   Writing objects:  35% (19/54)   Writing objects:  37% (20/54)   Writing objects:  38% (21/54)   Writing objects:  40% (22/54)   Writing objects:  42% (23/54)   Writing objects:  44% (24/54)   Writing objects:  46% (25/54)   Writing objects:  48% (26/54)   Writing objects:  50% (27/54)   Writing objects:  51% (28/54)   Writing objects:  53% (29/54)   Writing objects:  55% (30/54)   Writing objects:  57% (31/54)   Writing objects:  59% (32/54)   Writing objects:  61% (33/54)   Writing objects:  62% (34/54)   Writing objects:  66% (36/54)   Writing objects:  68% (37/54)   Writing objects:  70% (38/54)   Writing objects:  72% (39/54)   Writing objects:  74% (40/54)   Writing objects:  77% (42/54)   Writing objects:  79% (43/54)   Writing objects:  81% (44/54)   Writing objects:  83% (45/54)   Writing objects:  87% (47/54)   Writing objects:  88% (48/54)   Writing objects:  90% (49/54)   Writing objects:  92% (50/54)   Writing objects:  94% (51/54)   Writing objects:  96% (52/54)   Writing objects:  98% (53/54)   Writing objects: 100% (54/54)   Writing objects: 100% (54/54), 376.71 KiB | 0 bytes/s, done.
Total 54 (delta 13), reused 0 (delta 0)
remote: Resolving deltas:   0% (0/13)   [Kremote: Resolving deltas:  38% (5/13)   [Kremote: Resolving deltas:  53% (7/13)   [Kremote: Resolving deltas:  61% (8/13)   [Kremote: Resolving deltas:  69% (9/13)   [Kremote: Resolving deltas:  76% (10/13)   [Kremote: Resolving deltas:  84% (11/13)   [Kremote: Resolving deltas:  92% (12/13)   [Kremote: Resolving deltas: 100% (13/13)   [Kremote: Resolving deltas: 100% (13/13), completed with 6 local objects.[K
To https://github.com/BrunoVilela/Blog.git
   f3e95fd..d09d5f6  master -> master
]0;~/Box Sync/blogboteromacserver2:blog bvilela$ git add .
]0;~/Box Sync/blogboteromacserver2:blog bvilela$ git commit -u[Km [K[Km : [K[K"add di squs"
[master 07c2ec5] add disqus
 24 files changed, 344 insertions(+), 34 deletions(-)
 create mode 100644 .Rproj.user/shared/notebooks/61A2911B-2018-01-23-a-comprehensible-guide-to-transform-species-shapefiles-into-a-presence-absence-matrix-or-grid/1/s/chunks.json
 create mode 100644 public/2018/01/23/a-guide-to-transform-species-shapefiles-into-a-presence-absence-matrix-or-grid/index.html
 create mode 100644 public/tags/letsr/index.html
 create mode 100644 public/tags/letsr/index.xml
]0;~/Box Sync/blogboteromacserver2:blog bvilela$ git push origin maste r
Counting objects: 46, done.
Delta compression using up to 12 threads.
Compressing objects:   2% (1/40)   Compressing objects:   5% (2/40)   Compressing objects:   7% (3/40)   Compressing objects:  10% (4/40)   Compressing objects:  12% (5/40)   Compressing objects:  15% (6/40)   Compressing objects:  17% (7/40)   Compressing objects:  20% (8/40)   Compressing objects:  22% (9/40)   Compressing objects:  25% (10/40)   Compressing objects:  27% (11/40)   Compressing objects:  30% (12/40)   Compressing objects:  32% (13/40)   Compressing objects:  35% (14/40)   Compressing objects:  37% (15/40)   Compressing objects:  40% (16/40)   Compressing objects:  42% (17/40)   Compressing objects:  45% (18/40)   Compressing objects:  47% (19/40)   Compressing objects:  50% (20/40)   Compressing objects:  52% (21/40)   Compressing objects:  55% (22/40)   Compressing objects:  57% (23/40)   Compressing objects:  60% (24/40)   Compressing objects:  62% (25/40)   Compressing objects:  65% (26/40)   Compressing objects:  67% (27/40)   Compressing objects:  70% (28/40)   Compressing objects:  72% (29/40)   Compressing objects:  75% (30/40)   Compressing objects:  77% (31/40)   Compressing objects:  80% (32/40)   Compressing objects:  82% (33/40)   Compressing objects:  85% (34/40)   Compressing objects:  87% (35/40)   Compressing objects:  90% (36/40)   Compressing objects:  92% (37/40)   Compressing objects:  95% (38/40)   Compressing objects:  97% (39/40)   Compressing objects: 100% (40/40)   Compressing objects: 100% (40/40), done.
Writing objects:   2% (1/46)   Writing objects:   4% (2/46)   Writing objects:   6% (3/46)   Writing objects:   8% (4/46)   Writing objects:  10% (5/46)   Writing objects:  13% (6/46)   Writing objects:  15% (7/46)   Writing objects:  17% (8/46)   Writing objects:  19% (9/46)   Writing objects:  21% (10/46)   Writing objects:  23% (11/46)   Writing objects:  26% (12/46)   Writing objects:  28% (13/46)   Writing objects:  30% (14/46)   Writing objects:  32% (15/46)   Writing objects:  34% (16/46)   Writing objects:  36% (17/46)   Writing objects:  39% (18/46)   Writing objects:  41% (19/46)   Writing objects:  43% (20/46)   Writing objects:  45% (21/46)   Writing objects:  47% (22/46)   Writing objects:  50% (23/46)   Writing objects:  52% (24/46)   Writing objects:  54% (25/46)   Writing objects:  56% (26/46)   Writing objects:  58% (27/46)   Writing objects:  63% (29/46)   Writing objects:  65% (30/46)   Writing objects:  67% (31/46)   Writing objects:  69% (32/46)   Writing objects:  71% (33/46)   Writing objects:  73% (34/46)   Writing objects:  76% (35/46)   Writing objects:  78% (36/46)   Writing objects:  80% (37/46)   Writing objects:  82% (38/46)   Writing objects:  84% (39/46)   Writing objects:  86% (40/46)   Writing objects:  89% (41/46)   Writing objects:  91% (42/46)   Writing objects:  93% (43/46)   Writing objects:  95% (44/46)   Writing objects:  97% (45/46)   Writing objects: 100% (46/46)   Writing objects: 100% (46/46), 5.59 KiB | 0 bytes/s, done.
Total 46 (delta 22), reused 0 (delta 0)
remote: Resolving deltas:   0% (0/22)   [Kremote: Resolving deltas:   4% (1/22)   [Kremote: Resolving deltas:   9% (2/22)   [Kremote: Resolving deltas:  13% (3/22)   [Kremote: Resolving deltas:  18% (4/22)   [Kremote: Resolving deltas:  22% (5/22)   [Kremote: Resolving deltas:  27% (6/22)   [Kremote: Resolving deltas:  31% (7/22)   [Kremote: Resolving deltas:  36% (8/22)   [Kremote: Resolving deltas:  45% (10/22)   [Kremote: Resolving deltas:  50% (11/22)   [Kremote: Resolving deltas:  54% (12/22)   [Kremote: Resolving deltas:  59% (13/22)   [Kremote: Resolving deltas:  63% (14/22)   [Kremote: Resolving deltas:  68% (15/22)   [Kremote: Resolving deltas:  81% (18/22)   [Kremote: Resolving deltas:  95% (21/22)   [Kremote: Resolving deltas: 100% (22/22)   [Kremote: Resolving deltas: 100% (22/22), completed with 17 local objects.[K
To https://github.com/BrunoVilela/Blog.git
   d09d5f6..07c2ec5  master -> master
]0;~/Box Sync/blogboteromacserver2:blog bvilela$ git status
On branch master
Your branch is up-to-date with 'origin/master'.
Changes not staged for commit:
  (use "git add/rm <file>..." to update what will be committed)
  (use "git checkout -- <file>..." to discard changes in working directory)

	[31mmodified:   .Rproj.user/125B4295/console06/F960C806[m
	[31mmodified:   .Rproj.user/125B4295/sources/prop/6FDF0108[m
	[31mdeleted:    .Rproj.user/125B4295/sources/s-496492AB/E4131B47[m
	[31mmodified:   .Rproj.user/shared/notebooks/paths[m
	[31mmodified:   config.toml[m

Untracked files:
  (use "git add <file>..." to include in what will be committed)

	[31m.Rproj.user/125B4295/sources/s-496492AB/7CCD7E9B[m
	[31m.Rproj.user/125B4295/sources/s-496492AB/7CCD7E9B-contents[m

no changes added to commit (use "git add" and/or "git commit -a")
]0;~/Box Sync/blogboteromacserver2:blog bvilela$ git add .
]0;~/Box Sync/blogboteromacserver2:blog bvilela$ git commit -m "trying  to add comments"
[master 890ee35] trying to add comments
 6 files changed, 78 insertions(+), 10 deletions(-)
 rename .Rproj.user/125B4295/sources/s-496492AB/{E4131B47 => 7CCD7E9B} (54%)
 create mode 100644 .Rproj.user/125B4295/sources/s-496492AB/7CCD7E9B-contents
]0;~/Box Sync/blogboteromacserver2:blog bvilela$ git push origin maste r
Counting objects: 15, done.
Delta compression using up to 12 threads.
Compressing objects:   7% (1/14)   Compressing objects:  14% (2/14)   Compressing objects:  21% (3/14)   Compressing objects:  28% (4/14)   Compressing objects:  35% (5/14)   Compressing objects:  42% (6/14)   Compressing objects:  50% (7/14)   Compressing objects:  57% (8/14)   Compressing objects:  64% (9/14)   Compressing objects:  71% (10/14)   Compressing objects:  78% (11/14)   Compressing objects:  85% (12/14)   Compressing objects:  92% (13/14)   Compressing objects: 100% (14/14)   Compressing objects: 100% (14/14), done.
Writing objects:   6% (1/15)   Writing objects:  13% (2/15)   Writing objects:  20% (3/15)   Writing objects:  26% (4/15)   Writing objects:  33% (5/15)   Writing objects:  40% (6/15)   Writing objects:  46% (7/15)   Writing objects:  53% (8/15)   Writing objects:  60% (9/15)   Writing objects:  66% (10/15)   Writing objects:  73% (11/15)   Writing objects:  80% (12/15)   Writing objects:  86% (13/15)   Writing objects:  93% (14/15)   Writing objects: 100% (15/15)   Writing objects: 100% (15/15), 2.86 KiB | 0 bytes/s, done.
Total 15 (delta 5), reused 0 (delta 0)
remote: Resolving deltas:   0% (0/5)   [Kremote: Resolving deltas:  20% (1/5)   [Kremote: Resolving deltas:  40% (2/5)   [Kremote: Resolving deltas:  60% (3/5)   [Kremote: Resolving deltas:  80% (4/5)   [Kremote: Resolving deltas: 100% (5/5)   [Kremote: Resolving deltas: 100% (5/5), completed with 5 local objects.[K
remote: This repository moved. Please use the new location:[K
remote:   https://github.com/BrunoVilela/brunovilela.github.io.git[K
To https://github.com/BrunoVilela/Blog.git
   07c2ec5..890ee35  master -> master
]0;~/Box Sync/blogboteromacserver2:blog bvilela$ git pull
Already up-to-date.
]0;~/Box Sync/blogboteromacserver2:blog bvilela$ ig[K[Kig t[K[K[K[Kgit add .
]0;~/Box Sync/blogboteromacserver2:blog bvilela$ c[Kgit commit -m "finall y comments added."
[master d83da7e] finally comments added.
 11 files changed, 94 insertions(+), 53 deletions(-)
 create mode 100644 .Rproj.user/125B4295/sources/prop/9DDCFBE3
 create mode 100644 .Rproj.user/125B4295/sources/s-496492AB/F0A0AF38
 create mode 100644 .Rproj.user/125B4295/sources/s-496492AB/F0A0AF38-contents
 create mode 100644 layouts/partials/disqus.html
]0;~/Box Sync/blogboteromacserver2:blog bvilela$ fir [K[K[K[Kgit push origin maste r
Counting objects: 28, done.
Delta compression using up to 12 threads.
Compressing objects:   4% (1/21)   Compressing objects:   9% (2/21)   Compressing objects:  14% (3/21)   Compressing objects:  19% (4/21)   Compressing objects:  23% (5/21)   Compressing objects:  28% (6/21)   Compressing objects:  33% (7/21)   Compressing objects:  38% (8/21)   Compressing objects:  42% (9/21)   Compressing objects:  47% (10/21)   Compressing objects:  52% (11/21)   Compressing objects:  57% (12/21)   Compressing objects:  61% (13/21)   Compressing objects:  66% (14/21)   Compressing objects:  71% (15/21)   Compressing objects:  76% (16/21)   Compressing objects:  80% (17/21)   Compressing objects:  85% (18/21)   Compressing objects:  90% (19/21)   Compressing objects:  95% (20/21)   Compressing objects: 100% (21/21)   Compressing objects: 100% (21/21), done.
Writing objects:   3% (1/28)   Writing objects:   7% (2/28)   Writing objects:  10% (3/28)   Writing objects:  14% (4/28)   Writing objects:  17% (5/28)   Writing objects:  21% (6/28)   Writing objects:  25% (7/28)   Writing objects:  28% (8/28)   Writing objects:  32% (9/28)   Writing objects:  35% (10/28)   Writing objects:  39% (11/28)   Writing objects:  42% (12/28)   Writing objects:  46% (13/28)   Writing objects:  50% (14/28)   Writing objects:  53% (15/28)   Writing objects:  57% (16/28)   Writing objects:  60% (17/28)   Writing objects:  64% (18/28)   Writing objects:  67% (19/28)   Writing objects:  71% (20/28)   Writing objects:  75% (21/28)   Writing objects:  78% (22/28)   Writing objects:  82% (23/28)   Writing objects:  85% (24/28)   Writing objects:  89% (25/28)   Writing objects:  92% (26/28)   Writing objects:  96% (27/28)   Writing objects: 100% (28/28)   Writing objects: 100% (28/28), 3.26 KiB | 0 bytes/s, done.
Total 28 (delta 12), reused 0 (delta 0)
remote: Resolving deltas:   0% (0/12)   [Kremote: Resolving deltas:   8% (1/12)   [Kremote: Resolving deltas:  16% (2/12)   [Kremote: Resolving deltas:  25% (3/12)   [Kremote: Resolving deltas:  33% (4/12)   [Kremote: Resolving deltas:  50% (6/12)   [Kremote: Resolving deltas:  58% (7/12)   [Kremote: Resolving deltas:  66% (8/12)   [Kremote: Resolving deltas:  75% (9/12)   [Kremote: Resolving deltas:  83% (10/12)   [Kremote: Resolving deltas:  91% (11/12)   [Kremote: Resolving deltas: 100% (12/12)   [Kremote: Resolving deltas: 100% (12/12), completed with 11 local objects.[K
remote: This repository moved. Please use the new location:[K
remote:   https://github.com/BrunoVilela/brunovilela.github.io.git[K
To https://github.com/BrunoVilela/Blog.git
   890ee35..d83da7e  master -> master
]0;~/Box Sync/blog[?1034hboteromacserver2:blog bvilela$ git add ,
fatal: pathspec ',' did not match any files
]0;~/Box Sync/blogboteromacserver2:blog bvilela$ git add ,[K.]0;~/Box Sync/blogboteromacserver2:blog bvilela$ git pull
Updating 20b6dcf..e06a2b3
Fast-forward
 config.toml                                        |  10 [32m+[m
 content/about.md                                   |   6 [31m-[m
 ...iles-into-a-presence-absence-matrix-or-grid.Rmd |  99 [32m+++++++[m[31m-[m
 ...les-into-a-presence-absence-matrix-or-grid.html | 111 [32m++++++++[m[31m-[m
 layouts/partials/disqus.html                       |   2 [32m+[m[31m-[m
 .../index.html                                     | 259 [32m+++++++++++++++++++++[m
 .../index.html                                     | 109 [32m+++++++[m[31m--[m
 public/about/index.html                            |   2 [32m+[m[31m-[m
 public/categories/index.html                       |   4 [32m+[m
 public/categories/macroecology/index.html          |   6 [32m+[m[31m-[m
 public/categories/macroecology/index.xml           |   8 [32m+[m[31m-[m
 public/index.html                                  |   6 [32m+[m[31m-[m
 public/index.xml                                   |  17 [32m+[m[31m-[m
 .../figure-html/unnamed-chunk-10-1.png             | Bin [31m119574[m -> [32m53414[m bytes
 .../figure-html/unnamed-chunk-11-1.png             | Bin [31m107392[m -> [32m133146[m bytes
 .../figure-html/unnamed-chunk-13-1.png             | Bin [31m0[m -> [32m115067[m bytes
 .../figure-html/unnamed-chunk-2-1.png              | Bin [31m111593[m -> [32m170637[m bytes
 .../figure-html/unnamed-chunk-5-1.png              | Bin [31m119574[m -> [32m119475[m bytes
 public/post/index.html                             |   6 [32m+[m[31m-[m
 public/post/index.xml                              |   8 [32m+[m[31m-[m
 public/sitemap.xml                                 |  33 [32m++[m[31m-[m
 public/tags/grid/index.html                        |  94 [32m++++++++[m
 public/tags/grid/index.xml                         |  24 [32m++[m
 public/tags/index.html                             |  39 [32m++++[m
 public/tags/index.xml                              |  45 [32m++++[m
 public/tags/iucn/index.html                        |  94 [32m++++++++[m
 public/tags/iucn/index.xml                         |  24 [32m++[m
 public/tags/letsr/index.html                       |   6 [32m+[m[31m-[m
 public/tags/letsr/index.xml                        |   8 [32m+[m[31m-[m
 public/tags/presence-absence-matrix/index.html     |  94 [32m++++++++[m
 public/tags/presence-absence-matrix/index.xml      |  24 [32m++[m
 public/tags/r/index.html                           |  94 [32m++++++++[m
 public/tags/r/index.xml                            |  24 [32m++[m
 public/tags/shapefiles/index.html                  |  94 [32m++++++++[m
 public/tags/shapefiles/index.xml                   |  24 [32m++[m
 .../figure-html/unnamed-chunk-10-1.png             | Bin [31m119574[m -> [32m53414[m bytes
 .../figure-html/unnamed-chunk-11-1.png             | Bin [31m107392[m -> [32m133146[m bytes
 .../figure-html/unnamed-chunk-13-1.png             | Bin [31m0[m -> [32m115067[m bytes
 .../figure-html/unnamed-chunk-2-1.png              | Bin [31m111593[m -> [32m170637[m bytes
 .../figure-html/unnamed-chunk-5-1.png              | Bin [31m119574[m -> [32m119475[m bytes
 40 files changed, 1299 insertions(+), 75 deletions(-)
 delete mode 100644 content/about.md
 create mode 100644 public/2018/01/23/a-guide-to-transform-species-shapefiles-into-a-presence-absence-matrix-based-on-a-user-defined-grid-system/index.html
 create mode 100644 public/post/2018-01-23-a-comprehensible-guide-to-transform-species-shapefiles-into-a-presence-absence-matrix-or-grid_files/figure-html/unnamed-chunk-13-1.png
 create mode 100644 public/tags/grid/index.html
 create mode 100644 public/tags/grid/index.xml
 create mode 100644 public/tags/iucn/index.html
 create mode 100644 public/tags/iucn/index.xml
 create mode 100644 public/tags/presence-absence-matrix/index.html
 create mode 100644 public/tags/presence-absence-matrix/index.xml
 create mode 100644 public/tags/r/index.html
 create mode 100644 public/tags/r/index.xml
 create mode 100644 public/tags/shapefiles/index.html
 create mode 100644 public/tags/shapefiles/index.xml
 create mode 100644 static/post/2018-01-23-a-comprehensible-guide-to-transform-species-shapefiles-into-a-presence-absence-matrix-or-grid_files/figure-html/unnamed-chunk-13-1.png
]0;~/Box Sync/blogboteromacserver2:blog bvilela$ git statu[K[K[K[K[Kadd .
]0;~/Box Sync/blogboteromacserver2:blog bvilela$ git commit -m"final adds to the post"
[master b88d58f] final adds to the post
 35 files changed, 513 insertions(+), 44 deletions(-)
 rewrite public/post/2018-01-23-a-comprehensible-guide-to-transform-species-shapefiles-into-a-presence-absence-matrix-or-grid_files/figure-html/unnamed-chunk-11-1.png (97%)
 rewrite public/post/2018-01-23-a-comprehensible-guide-to-transform-species-shapefiles-into-a-presence-absence-matrix-or-grid_files/figure-html/unnamed-chunk-13-1.png (97%)
 create mode 100644 public/post/2018-01-23-a-comprehensible-guide-to-transform-species-shapefiles-into-a-presence-absence-matrix-or-grid_files/figure-html/unnamed-chunk-17-1.png
 create mode 100644 public/post/2018-01-23-a-comprehensible-guide-to-transform-species-shapefiles-into-a-presence-absence-matrix-or-grid_files/figure-html/unnamed-chunk-21-1.png
 create mode 100644 public/post/2018-01-23-a-comprehensible-guide-to-transform-species-shapefiles-into-a-presence-absence-matrix-or-grid_files/figure-html/unnamed-chunk-22-1.png
 create mode 100644 public/post/2018-01-23-a-comprehensible-guide-to-transform-species-shapefiles-into-a-presence-absence-matrix-or-grid_files/figure-html/unnamed-chunk-25-1.png
 rewrite public/post/2018-01-23-a-comprehensible-guide-to-transform-species-shapefiles-into-a-presence-absence-matrix-or-grid_files/figure-html/unnamed-chunk-5-1.png (97%)
 rewrite static/post/2018-01-23-a-comprehensible-guide-to-transform-species-shapefiles-into-a-presence-absence-matrix-or-grid_files/figure-html/unnamed-chunk-11-1.png (97%)
 rewrite static/post/2018-01-23-a-comprehensible-guide-to-transform-species-shapefiles-into-a-presence-absence-matrix-or-grid_files/figure-html/unnamed-chunk-13-1.png (97%)
 create mode 100644 static/post/2018-01-23-a-comprehensible-guide-to-transform-species-shapefiles-into-a-presence-absence-matrix-or-grid_files/figure-html/unnamed-chunk-17-1.png
 create mode 100644 static/post/2018-01-23-a-comprehensible-guide-to-transform-species-shapefiles-into-a-presence-absence-matrix-or-grid_files/figure-html/unnamed-chunk-21-1.png
 create mode 100644 static/post/2018-01-23-a-comprehensible-guide-to-transform-species-shapefiles-into-a-presence-absence-matrix-or-grid_files/figure-html/unnamed-chunk-22-1.png
 create mode 100644 static/post/2018-01-23-a-comprehensible-guide-to-transform-species-shapefiles-into-a-presence-absence-matrix-or-grid_files/figure-html/unnamed-chunk-25-1.png
 rewrite static/post/2018-01-23-a-comprehensible-guide-to-transform-species-shapefiles-into-a-presence-absence-matrix-or-grid_files/figure-html/unnamed-chunk-5-1.png (97%)
]0;~/Box Sync/blogboteromacserver2:blog bvilela$ git push origin master
Counting objects: 54, done.
Delta compression using up to 12 threads.
Compressing objects:   2% (1/49)   Compressing objects:   4% (2/49)   Compressing objects:   6% (3/49)   Compressing objects:   8% (4/49)   Compressing objects:  10% (5/49)   Compressing objects:  12% (6/49)   Compressing objects:  14% (7/49)   Compressing objects:  16% (8/49)   Compressing objects:  18% (9/49)   Compressing objects:  20% (10/49)   Compressing objects:  22% (11/49)   Compressing objects:  24% (12/49)   Compressing objects:  26% (13/49)   Compressing objects:  28% (14/49)   Compressing objects:  30% (15/49)   Compressing objects:  32% (16/49)   Compressing objects:  34% (17/49)   Compressing objects:  36% (18/49)   Compressing objects:  38% (19/49)   Compressing objects:  40% (20/49)   Compressing objects:  42% (21/49)   Compressing objects:  44% (22/49)   Compressing objects:  46% (23/49)   Compressing objects:  48% (24/49)   Compressing objects:  51% (25/49)   Compressing objects:  53% (26/49)   Compressing objects:  55% (27/49)   Compressing objects:  57% (28/49)   Compressing objects:  59% (29/49)   Compressing objects:  61% (30/49)   Compressing objects:  63% (31/49)   Compressing objects:  65% (32/49)   Compressing objects:  67% (33/49)   Compressing objects:  69% (34/49)   Compressing objects:  71% (35/49)   Compressing objects:  73% (36/49)   Compressing objects:  75% (37/49)   Compressing objects:  77% (38/49)   Compressing objects:  79% (39/49)   Compressing objects:  81% (40/49)   Compressing objects:  83% (41/49)   Compressing objects:  85% (42/49)   Compressing objects:  87% (43/49)   Compressing objects:  89% (44/49)   Compressing objects:  91% (45/49)   Compressing objects:  93% (46/49)   Compressing objects:  95% (47/49)   Compressing objects:  97% (48/49)   Compressing objects: 100% (49/49)   Compressing objects: 100% (49/49), done.
Writing objects:   1% (1/54)   Writing objects:   3% (2/54)   Writing objects:   5% (3/54)   Writing objects:   7% (4/54)   Writing objects:   9% (5/54)   Writing objects:  11% (6/54)   Writing objects:  12% (7/54)   Writing objects:  14% (8/54)   Writing objects:  16% (9/54)   Writing objects:  18% (10/54)   Writing objects:  20% (11/54)   Writing objects:  22% (12/54)   Writing objects:  24% (13/54)   Writing objects:  25% (14/54)   Writing objects:  27% (15/54)   Writing objects:  29% (16/54)   Writing objects:  31% (17/54)   Writing objects:  35% (19/54)   Writing objects:  37% (20/54)   Writing objects:  38% (21/54)   Writing objects:  40% (22/54)   Writing objects:  42% (23/54)   Writing objects:  44% (24/54)   Writing objects:  46% (25/54)   Writing objects:  48% (26/54)   Writing objects:  50% (27/54)   Writing objects:  51% (28/54)   Writing objects:  53% (29/54)   Writing objects:  55% (30/54)   Writing objects:  57% (31/54)   Writing objects:  59% (32/54)   Writing objects:  61% (33/54)   Writing objects:  62% (34/54)   Writing objects:  64% (35/54)   Writing objects:  66% (36/54)   Writing objects:  68% (37/54)   Writing objects:  70% (38/54)   Writing objects:  72% (39/54)   Writing objects:  74% (40/54)   Writing objects:  75% (41/54)   Writing objects:  77% (42/54)   Writing objects:  79% (43/54)   Writing objects:  81% (44/54)   Writing objects:  83% (45/54)   Writing objects:  85% (46/54)   Writing objects:  87% (47/54)   Writing objects:  88% (48/54)   Writing objects:  90% (49/54)   Writing objects:  92% (50/54)   Writing objects:  94% (51/54)   Writing objects:  96% (52/54)   Writing objects:  98% (53/54)   Writing objects: 100% (54/54)   Writing objects: 100% (54/54), 701.12 KiB | 0 bytes/s, done.
Total 54 (delta 25), reused 0 (delta 0)
remote: Resolving deltas:   0% (0/25)   [Kremote: Resolving deltas:   4% (1/25)   [Kremote: Resolving deltas:   8% (2/25)   [Kremote: Resolving deltas:  12% (3/25)   [Kremote: Resolving deltas:  16% (4/25)   [Kremote: Resolving deltas:  20% (5/25)   [Kremote: Resolving deltas:  24% (6/25)   [Kremote: Resolving deltas:  28% (7/25)   [Kremote: Resolving deltas:  32% (8/25)   [Kremote: Resolving deltas:  40% (10/25)   [Kremote: Resolving deltas:  44% (11/25)   [Kremote: Resolving deltas:  48% (12/25)   [Kremote: Resolving deltas:  52% (13/25)   [Kremote: Resolving deltas:  56% (14/25)   [Kremote: Resolving deltas:  60% (15/25)   [Kremote: Resolving deltas:  64% (16/25)   [Kremote: Resolving deltas:  68% (17/25)   [Kremote: Resolving deltas:  72% (18/25)   [Kremote: Resolving deltas:  76% (19/25)   [Kremote: Resolving deltas:  80% (20/25)   [Kremote: Resolving deltas:  84% (21/25)   [Kremote: Resolving deltas:  88% (22/25)   [Kremote: Resolving deltas:  92% (23/25)   [Kremote: Resolving deltas:  96% (24/25)   [Kremote: Resolving deltas: 100% (25/25)   [Kremote: Resolving deltas: 100% (25/25), completed with 24 local objects.[K
remote: This repository moved. Please use the new location:[K
remote:   https://github.com/BrunoVilela/brunovilela.github.io.git[K
To https://github.com/BrunoVilela/Blog.git
   e06a2b3..b88d58f  master -> master
]0;~/Box Sync/blogboteromacserver2:blog bvilela$ gitt[K add .
]0;~/Box Sync/blogboteromacserver2:blog bvilela$ git commit -,[Km "post 2"
[master 7fc41a8] post 2
 37 files changed, 640 insertions(+), 39 deletions(-)
 create mode 100644 content/post/2018-01-24-transfom-a-matrix-of-species-presence-absence-into-a-presenceabsence-object.Rmd
 create mode 100644 content/post/2018-01-24-transfom-a-matrix-of-species-presence-absence-into-a-presenceabsence-object.html
 create mode 100644 public/2018/01/24/transfom-a-matrix-of-species-presence-absence-into-a-presenceabsence-object/index.html
 create mode 100644 public/post/2018-01-24-transfom-a-matrix-of-species-presence-absence-into-a-presenceabsence-object_files/figure-html/unnamed-chunk-2-1.png
 create mode 100644 public/post/2018-01-24-transfom-a-matrix-of-species-presence-absence-into-a-presenceabsence-object_files/figure-html/unnamed-chunk-5-1.png
 create mode 100644 public/post/2018-01-24-transfom-a-matrix-of-species-presence-absence-into-a-presenceabsence-object_files/figure-html/unnamed-chunk-8-1.png
 create mode 100644 static/post/2018-01-24-transfom-a-matrix-of-species-presence-absence-into-a-presenceabsence-object_files/figure-html/unnamed-chunk-2-1.png
 create mode 100644 static/post/2018-01-24-transfom-a-matrix-of-species-presence-absence-into-a-presenceabsence-object_files/figure-html/unnamed-chunk-5-1.png
 create mode 100644 static/post/2018-01-24-transfom-a-matrix-of-species-presence-absence-into-a-presenceabsence-object_files/figure-html/unnamed-chunk-8-1.png
]0;~/Box Sync/blogboteromacserver2:blog bvilela$ git push origin master
Counting objects: 64, done.
Delta compression using up to 12 threads.
Compressing objects:   1% (1/59)   Compressing objects:   3% (2/59)   Compressing objects:   5% (3/59)   Compressing objects:   6% (4/59)   Compressing objects:   8% (5/59)   Compressing objects:  10% (6/59)   Compressing objects:  11% (7/59)   Compressing objects:  13% (8/59)   Compressing objects:  15% (9/59)   Compressing objects:  16% (10/59)   Compressing objects:  18% (11/59)   Compressing objects:  20% (12/59)   Compressing objects:  22% (13/59)   Compressing objects:  23% (14/59)   Compressing objects:  25% (15/59)   Compressing objects:  27% (16/59)   Compressing objects:  28% (17/59)   Compressing objects:  30% (18/59)   Compressing objects:  32% (19/59)   Compressing objects:  33% (20/59)   Compressing objects:  35% (21/59)   Compressing objects:  37% (22/59)   Compressing objects:  38% (23/59)   Compressing objects:  40% (24/59)   Compressing objects:  42% (25/59)   Compressing objects:  44% (26/59)   Compressing objects:  45% (27/59)   Compressing objects:  47% (28/59)   Compressing objects:  49% (29/59)   Compressing objects:  50% (30/59)   Compressing objects:  52% (31/59)   Compressing objects:  54% (32/59)   Compressing objects:  55% (33/59)   Compressing objects:  57% (34/59)   Compressing objects:  59% (35/59)   Compressing objects:  61% (36/59)   Compressing objects:  62% (37/59)   Compressing objects:  64% (38/59)   Compressing objects:  66% (39/59)   Compressing objects:  67% (40/59)   Compressing objects:  69% (41/59)   Compressing objects:  71% (42/59)   Compressing objects:  72% (43/59)   Compressing objects:  74% (44/59)   Compressing objects:  76% (45/59)   Compressing objects:  77% (46/59)   Compressing objects:  79% (47/59)   Compressing objects:  81% (48/59)   Compressing objects:  83% (49/59)   Compressing objects:  84% (50/59)   Compressing objects:  86% (51/59)   Compressing objects:  88% (52/59)   Compressing objects:  89% (53/59)   Compressing objects:  91% (54/59)   Compressing objects:  93% (55/59)   Compressing objects:  94% (56/59)   Compressing objects:  96% (57/59)   Compressing objects:  98% (58/59)   Compressing objects: 100% (59/59)   Compressing objects: 100% (59/59), done.
Writing objects:   1% (1/64)   Writing objects:   3% (2/64)   Writing objects:   4% (3/64)   Writing objects:   6% (4/64)   Writing objects:   7% (5/64)   Writing objects:   9% (6/64)   Writing objects:  10% (7/64)   Writing objects:  12% (8/64)   Writing objects:  14% (9/64)   Writing objects:  15% (10/64)   Writing objects:  17% (11/64)   Writing objects:  18% (12/64)   Writing objects:  20% (13/64)   Writing objects:  21% (14/64)   Writing objects:  23% (15/64)   Writing objects:  25% (16/64)   Writing objects:  26% (17/64)   Writing objects:  28% (18/64)   Writing objects:  29% (19/64)   Writing objects:  31% (20/64)   Writing objects:  32% (21/64)   Writing objects:  34% (22/64)   Writing objects:  35% (23/64)   Writing objects:  37% (24/64)   Writing objects:  39% (25/64)   Writing objects:  40% (26/64)   Writing objects:  43% (28/64)   Writing objects:  45% (29/64)   Writing objects:  46% (30/64)   Writing objects:  48% (31/64)   Writing objects:  51% (33/64)   Writing objects:  54% (35/64)   Writing objects:  57% (37/64)   Writing objects:  59% (38/64)   Writing objects:  60% (39/64)   Writing objects:  62% (40/64)   Writing objects:  64% (41/64)   Writing objects:  65% (42/64)   Writing objects:  67% (43/64)   Writing objects:  68% (44/64)   Writing objects:  70% (45/64)   Writing objects:  71% (46/64)   Writing objects:  73% (47/64)   Writing objects:  75% (48/64)   Writing objects:  76% (49/64)   Writing objects:  78% (50/64)   Writing objects:  79% (51/64)   Writing objects:  81% (52/64)   Writing objects:  82% (53/64)   Writing objects:  84% (54/64)   Writing objects:  85% (55/64)   Writing objects:  87% (56/64)   Writing objects:  89% (57/64)   Writing objects:  90% (58/64)   Writing objects:  92% (59/64)   Writing objects:  93% (60/64)   Writing objects:  95% (61/64)   Writing objects:  96% (62/64)   Writing objects:  98% (63/64)   Writing objects: 100% (64/64)   Writing objects: 100% (64/64), 212.52 KiB | 0 bytes/s, done.
Total 64 (delta 34), reused 0 (delta 0)
remote: Resolving deltas:   0% (0/34)   [Kremote: Resolving deltas:   5% (2/34)   [Kremote: Resolving deltas:   8% (3/34)   [Kremote: Resolving deltas:  11% (4/34)   [Kremote: Resolving deltas:  14% (5/34)   [Kremote: Resolving deltas:  17% (6/34)   [Kremote: Resolving deltas:  20% (7/34)   [Kremote: Resolving deltas:  23% (8/34)   [Kremote: Resolving deltas:  26% (9/34)   [Kremote: Resolving deltas:  29% (10/34)   [Kremote: Resolving deltas:  32% (11/34)   [Kremote: Resolving deltas:  61% (21/34)   [Kremote: Resolving deltas:  64% (22/34)   [Kremote: Resolving deltas:  67% (23/34)   [Kremote: Resolving deltas:  91% (31/34)   [Kremote: Resolving deltas:  94% (32/34)   [Kremote: Resolving deltas:  97% (33/34)   [Kremote: Resolving deltas: 100% (34/34)   [Kremote: Resolving deltas: 100% (34/34), completed with 16 local objects.[K
remote: This repository moved. Please use the new location:[K
remote:   https://github.com/BrunoVilela/brunovilela.github.io.git[K
To https://github.com/BrunoVilela/Blog.git
   b88d58f..7fc41a8  master -> master
]0;~/Box Sync/blogboteromacserver2:blog bvilela$ git add .
]0;~/Box Sync/blogboteromacserver2:blog bvilela$ git commit -m "minor changes post 2"
[master fadefe2] minor changes post 2
 4 files changed, 27 insertions(+), 3 deletions(-)
]0;~/Box Sync/blogboteromacserver2:blog bvilela$ fir [K[K[K[Kgit push origin master
Counting objects: 16, done.
Delta compression using up to 12 threads.
Compressing objects:   7% (1/13)   Compressing objects:  15% (2/13)   Compressing objects:  23% (3/13)   Compressing objects:  30% (4/13)   Compressing objects:  38% (5/13)   Compressing objects:  46% (6/13)   Compressing objects:  53% (7/13)   Compressing objects:  61% (8/13)   Compressing objects:  69% (9/13)   Compressing objects:  76% (10/13)   Compressing objects:  84% (11/13)   Compressing objects:  92% (12/13)   Compressing objects: 100% (13/13)   Compressing objects: 100% (13/13), done.
Writing objects:   6% (1/16)   Writing objects:  12% (2/16)   Writing objects:  18% (3/16)   Writing objects:  25% (4/16)   Writing objects:  31% (5/16)   Writing objects:  37% (6/16)   Writing objects:  43% (7/16)   Writing objects:  50% (8/16)   Writing objects:  56% (9/16)   Writing objects:  62% (10/16)   Writing objects:  68% (11/16)   Writing objects:  75% (12/16)   Writing objects:  81% (13/16)   Writing objects:  87% (14/16)   Writing objects:  93% (15/16)   Writing objects: 100% (16/16)   Writing objects: 100% (16/16), 2.21 KiB | 0 bytes/s, done.
Total 16 (delta 8), reused 0 (delta 0)
remote: Resolving deltas:   0% (0/8)   [Kremote: Resolving deltas:  12% (1/8)   [Kremote: Resolving deltas:  25% (2/8)   [Kremote: Resolving deltas:  37% (3/8)   [Kremote: Resolving deltas:  50% (4/8)   [Kremote: Resolving deltas:  62% (5/8)   [Kremote: Resolving deltas:  75% (6/8)   [Kremote: Resolving deltas:  87% (7/8)   [Kremote: Resolving deltas: 100% (8/8)   [Kremote: Resolving deltas: 100% (8/8), completed with 8 local objects.[K
To https://github.com/BrunoVilela/Blog.git
   7fc41a8..fadefe2  master -> master
]0;~/Box Sync/blogboteromacserver2:blog bvilela$ gits [K[K status
On branch master
Your branch is up-to-date with 'origin/master'.
Changes not staged for commit:
  (use "git add <file>..." to update what will be committed)
  (use "git checkout -- <file>..." to discard changes in working directory)

	[31mmodified:   .Rproj.user/125B4295/console06/F960C806[m
	[31mmodified:   .Rproj.user/125B4295/sources/prop/6FDF0108[m
	[31mmodified:   .Rproj.user/125B4295/sources/prop/8E1BC73F[m
	[31mmodified:   .Rproj.user/125B4295/sources/s-496492AB/5F543E4[m
	[31mmodified:   .Rproj.user/125B4295/sources/s-496492AB/5F543E4-contents[m
	[31mmodified:   .Rproj.user/125B4295/sources/s-496492AB/7CCD7E9B[m
	[31mmodified:   .Rproj.user/125B4295/sources/s-496492AB/7CCD7E9B-contents[m
	[31mmodified:   config.toml[m
	[31mmodified:   content/post/2018-01-23-a-comprehensible-guide-to-transform-species-shapefiles-into-a-presence-absence-matrix-or-grid.Rmd[m
	[31mmodified:   content/post/2018-01-23-a-comprehensible-guide-to-transform-species-shapefiles-into-a-presence-absence-matrix-or-grid.html[m
	[31mmodified:   public/2018/01/23/a-guide-to-transform-species-shapefiles-into-a-presence-absence-matrix-based-on-a-user-defined-grid-system/index.html[m
	[31mmodified:   public/2018/01/24/transfom-a-matrix-of-species-presence-absence-into-a-presenceabsence-object/index.html[m
	[31mmodified:   public/categories/index.html[m
	[31mmodified:   public/categories/macroecology/index.html[m
	[31mmodified:   public/index.html[m
	[31mmodified:   public/post/index.html[m
	[31mmodified:   public/tags/grid/index.html[m
	[31mmodified:   public/tags/index.html[m
	[31mmodified:   public/tags/iucn/index.html[m
	[31mmodified:   public/tags/letsr/index.html[m
	[31mmodified:   public/tags/presence-absence-matrix/index.html[m
	[31mmodified:   public/tags/r/index.html[m
	[31mmodified:   public/tags/shapefiles/index.html[m

no changes added to commit (use "git add" and/or "git commit -a")
]0;~/Box Sync/blogboteromacserver2:blog bvilela$ git add .
]0;~/Box Sync/blogboteromacserver2:blog bvilela$ git commit -m[K[K-m "minor changes and google [Kanalys[Ktics" [A[C[C[C[C[C[C[C[C[C[C[C[C[C[C[C[C[C[C[C[C[C[C[C[C[C[C[C[C[C[C[C[C[C[C[C[C[C[C[C[C[C[C[C[C[C[C[C[C[C[C[C[C[C[C[C[C[C[C[C[C[C[C[C[C[C[C[C[C[C[C[C[C[C[C[C[C[C[C[C[C ""a"d"d"e"d"
[master d5c0819] minor changes and googleanalytics added
 23 files changed, 199 insertions(+), 24 deletions(-)
]0;~/Box Sync/blogboteromacserver2:blog bvilela$ git puhs[K[Ksh origin master
Counting objects: 48, done.
Delta compression using up to 12 threads.
Compressing objects:   2% (1/44)   Compressing objects:   4% (2/44)   Compressing objects:   6% (3/44)   Compressing objects:   9% (4/44)   Compressing objects:  11% (5/44)   Compressing objects:  13% (6/44)   Compressing objects:  15% (7/44)   Compressing objects:  18% (8/44)   Compressing objects:  20% (9/44)   Compressing objects:  22% (10/44)   Compressing objects:  25% (11/44)   Compressing objects:  27% (12/44)   Compressing objects:  29% (13/44)   Compressing objects:  31% (14/44)   Compressing objects:  34% (15/44)   Compressing objects:  36% (16/44)   Compressing objects:  38% (17/44)   Compressing objects:  40% (18/44)   Compressing objects:  43% (19/44)   Compressing objects:  45% (20/44)   Compressing objects:  47% (21/44)   Compressing objects:  50% (22/44)   Compressing objects:  52% (23/44)   Compressing objects:  54% (24/44)   Compressing objects:  56% (25/44)   Compressing objects:  59% (26/44)   Compressing objects:  61% (27/44)   Compressing objects:  63% (28/44)   Compressing objects:  65% (29/44)   Compressing objects:  68% (30/44)   Compressing objects:  70% (31/44)   Compressing objects:  72% (32/44)   Compressing objects:  75% (33/44)   Compressing objects:  77% (34/44)   Compressing objects:  79% (35/44)   Compressing objects:  81% (36/44)   Compressing objects:  84% (37/44)   Compressing objects:  86% (38/44)   Compressing objects:  88% (39/44)   Compressing objects:  90% (40/44)   Compressing objects:  93% (41/44)   Compressing objects:  95% (42/44)   Compressing objects:  97% (43/44)   Compressing objects: 100% (44/44)   Compressing objects: 100% (44/44), done.
Writing objects:   2% (1/48)   Writing objects:   4% (2/48)   Writing objects:   6% (3/48)   Writing objects:   8% (4/48)   Writing objects:  10% (5/48)   Writing objects:  12% (6/48)   Writing objects:  14% (7/48)   Writing objects:  16% (8/48)   Writing objects:  18% (9/48)   Writing objects:  20% (10/48)   Writing objects:  22% (11/48)   Writing objects:  25% (12/48)   Writing objects:  27% (13/48)   Writing objects:  29% (14/48)   Writing objects:  31% (15/48)   Writing objects:  33% (16/48)   Writing objects:  35% (17/48)   Writing objects:  37% (18/48)   Writing objects:  39% (19/48)   Writing objects:  41% (20/48)   Writing objects:  43% (21/48)   Writing objects:  45% (22/48)   Writing objects:  47% (23/48)   Writing objects:  50% (24/48)   Writing objects:  52% (25/48)   Writing objects:  54% (26/48)   Writing objects:  56% (27/48)   Writing objects:  58% (28/48)   Writing objects:  62% (30/48)   Writing objects:  64% (31/48)   Writing objects:  68% (33/48)   Writing objects:  70% (34/48)   Writing objects:  72% (35/48)   Writing objects:  75% (36/48)   Writing objects:  77% (37/48)   Writing objects:  79% (38/48)   Writing objects:  81% (39/48)   Writing objects:  83% (40/48)   Writing objects:  85% (41/48)   Writing objects:  87% (42/48)   Writing objects:  89% (43/48)   Writing objects:  91% (44/48)   Writing objects:  93% (45/48)   Writing objects:  95% (46/48)   Writing objects:  97% (47/48)   Writing objects: 100% (48/48)   Writing objects: 100% (48/48), 5.55 KiB | 0 bytes/s, done.
Total 48 (delta 26), reused 0 (delta 0)
remote: Resolving deltas:   0% (0/26)   [Kremote: Resolving deltas:   3% (1/26)   [Kremote: Resolving deltas:   7% (2/26)   [Kremote: Resolving deltas:  11% (3/26)   [Kremote: Resolving deltas:  15% (4/26)   [Kremote: Resolving deltas:  19% (5/26)   [Kremote: Resolving deltas:  23% (6/26)   [Kremote: Resolving deltas:  26% (7/26)   [Kremote: Resolving deltas:  30% (8/26)   [Kremote: Resolving deltas:  34% (9/26)   [Kremote: Resolving deltas:  38% (10/26)   [Kremote: Resolving deltas:  42% (11/26)   [Kremote: Resolving deltas:  46% (12/26)   [Kremote: Resolving deltas:  50% (13/26)   [Kremote: Resolving deltas:  53% (14/26)   [Kremote: Resolving deltas:  96% (25/26)   [Kremote: Resolving deltas: 100% (26/26)   [Kremote: Resolving deltas: 100% (26/26), completed with 16 local objects.[K
To https://github.com/BrunoVilela/Blog.git
   fadefe2..d5c0819  master -> master
]0;~/Box Sync/blogboteromacserver2:blog bvilela$ git comm[K[K[K[Kadd .
